// Jest Snapshot v1, https://goo.gl/fbAQLP

exports[`Bars should Bars render 2 items without crash 1`] = `
<DocumentFragment>
  <div
    class="bars"
  >
    <ul>
      <li>
        <span
          class="bar-expand"
          style="width: 50%;"
        />
        <em>
          foo
        </em>
      </li>
      <li>
        <span
          class="bar-expand"
          style="width: 25%;"
        />
        <em>
          bar
        </em>
      </li>
    </ul>
  </div>
</DocumentFragment>
`;
